../Core/Src/main.c:99:5:main	16	static
../Core/Src/main.c:170:6:SystemClock_Config	88	static
../Core/Src/main.c:217:13:MX_ADC1_Init	24	static
../Core/Src/main.c:269:13:MX_I2C1_Init	8	static
../Core/Src/main.c:303:13:MX_I2C2_Init	8	static
../Core/Src/main.c:337:13:MX_TIM2_Init	32	static
../Core/Src/main.c:382:13:MX_USART3_UART_Init	8	static
../Core/Src/main.c:415:13:MX_USB_OTG_FS_PCD_Init	8	static
../Core/Src/main.c:448:13:MX_DMA_Init	16	static
../Core/Src/main.c:466:13:MX_GPIO_Init	56	static
../Core/Src/main.c:527:6:Error_Handler	4	static,ignoring_inline_asm
