../Core/Src/scope.c:34:6:Scope_Init	16	static
../Core/Src/scope.c:39:6:Scope_SetTriggerLevel	16	static
../Core/Src/scope.c:44:6:Scope_Start	8	static
../Core/Src/scope.c:75:6:Scope_Stop	8	static
../Core/Src/scope.c:81:6:Scope_SetSamplingPeriodUs	48	static
../Core/Src/scope.c:109:13:Scope_CopyTriggeredWindow	32	static
../Core/Src/scope.c:130:13:Scope_CheckAutoTrigger	16	static
../Core/Src/scope.c:157:13:Scope_ProcessSamples	24	static
../Core/Src/scope.c:198:6:HAL_ADC_ConvHalfCpltCallback	16	static
../Core/Src/scope.c:209:6:HAL_ADC_ConvCpltCallback	16	static
